---
source: tui/src/operations_dock/state_tests.rs
expression: buffer_to_string(&buffer)
---
┌ Operations Tasks 0/20 | Agents | Viewing: Main ──────────────────────────────┐
│ Tasks                                                                        │
│ ● task 0                                                                     │
│ ○ task 1                                                                     │
│ ○ task 2                                                                     │
│ ○ task 3                                                                     │
│ ○ task 4                                                                     │
│ ○ task 5                                                                     │
│ ○ task 6                                                                     │
└──────────────────────────────────────────────────────────────────────────────┘
